// Vitest Snapshot v1, https://vitest.dev/guide/snapshot.html

exports[`NamesTable > matches snapshot 1`] = `
<DocumentFragment>
  <style
    data-mantine-styles="classes"
  >
    @media (max-width: 35.99375em) {.mantine-visible-from-xs {display: none !important;}}@media (min-width: 36em) {.mantine-hidden-from-xs {display: none !important;}}@media (max-width: 47.99375em) {.mantine-visible-from-sm {display: none !important;}}@media (min-width: 48em) {.mantine-hidden-from-sm {display: none !important;}}@media (max-width: 61.99375em) {.mantine-visible-from-md {display: none !important;}}@media (min-width: 62em) {.mantine-hidden-from-md {display: none !important;}}@media (max-width: 74.99375em) {.mantine-visible-from-lg {display: none !important;}}@media (min-width: 75em) {.mantine-hidden-from-lg {display: none !important;}}@media (max-width: 87.99375em) {.mantine-visible-from-xl {display: none !important;}}@media (min-width: 88em) {.mantine-hidden-from-xl {display: none !important;}}
  </style>
  <table
    class="m_b23fa0ef mantine-Table-table"
    style="--table-vertical-spacing: calc(0.4375rem * var(--mantine-scale));"
  >
    <thead
      class="m_b242d975 mantine-Table-thead"
    >
      <tr
        class="m_4e7aa4fd mantine-Table-tr"
        data-hover="true"
        data-striped="odd"
        data-with-row-border="true"
      >
        <th
          class="m_4e7aa4f3 mantine-Table-th"
        >
          Family name
        </th>
        <th
          class="m_4e7aa4f3 mantine-Table-th"
        >
          Given name
        </th>
        <th
          class="m_4e7aa4f3 mantine-Table-th"
        >
          Middle name
        </th>
        <th
          class="m_4e7aa4f3 mantine-Table-th"
        >
          Patronymic
        </th>
      </tr>
    </thead>
    <tbody
      class="m_b2404537 mantine-Table-tbody"
    >
      <tr
        class="m_4e7aa4fd mantine-Table-tr"
        data-hover="true"
        data-striped="odd"
        data-with-row-border="true"
      >
        <td
          class="m_4e7aa4ef mantine-Table-td"
        >
          Charlie
        </td>
        <td
          class="m_4e7aa4ef mantine-Table-td"
        >
          Kai
        </td>
        <td
          class="m_4e7aa4ef mantine-Table-td"
        >
          May
        </td>
        <td
          class="m_4e7aa4ef mantine-Table-td"
        >
          —
        </td>
      </tr>
      <tr
        class="m_4e7aa4fd mantine-Table-tr"
        data-hover="true"
        data-striped="odd"
        data-with-row-border="true"
      >
        <td
          class="m_4e7aa4ef mantine-Table-td"
        >
          Nancy
        </td>
        <td
          class="m_4e7aa4ef mantine-Table-td"
        >
          Mia
        </td>
        <td
          class="m_4e7aa4ef mantine-Table-td"
        >
          Jonson
        </td>
        <td
          class="m_4e7aa4ef mantine-Table-td"
        >
          —
        </td>
      </tr>
    </tbody>
  </table>
</DocumentFragment>
`;
