// Vitest Snapshot v1, https://vitest.dev/guide/snapshot.html

exports[`show page renders correctly 1`] = `
<DocumentFragment>
  <style
    data-mantine-styles="classes"
  >
    @media (max-width: 35.99375em) {.mantine-visible-from-xs {display: none !important;}}@media (min-width: 36em) {.mantine-hidden-from-xs {display: none !important;}}@media (max-width: 47.99375em) {.mantine-visible-from-sm {display: none !important;}}@media (min-width: 48em) {.mantine-hidden-from-sm {display: none !important;}}@media (max-width: 61.99375em) {.mantine-visible-from-md {display: none !important;}}@media (min-width: 62em) {.mantine-hidden-from-md {display: none !important;}}@media (max-width: 74.99375em) {.mantine-visible-from-lg {display: none !important;}}@media (min-width: 75em) {.mantine-hidden-from-lg {display: none !important;}}@media (max-width: 87.99375em) {.mantine-visible-from-xl {display: none !important;}}@media (min-width: 88em) {.mantine-hidden-from-xl {display: none !important;}}
  </style>
  <div
    class="m_6d731127 mantine-Stack-root"
    style="--stack-gap: var(--mantine-spacing-md); --stack-align: stretch; --stack-justify: flex-start;"
  >
    <div
      class="m_4081bf90 mantine-Group-root"
      style="--group-gap: var(--mantine-spacing-md); --group-align: center; --group-justify: space-between; --group-wrap: wrap;"
    >
      <h2
        class="m_8a5d1357 mantine-Title-root"
        data-order="2"
        style="--title-fw: var(--mantine-h2-font-weight); --title-lh: var(--mantine-h2-line-height); --title-fz: var(--mantine-h2-font-size);"
      >
        Patient Information
      </h2>
      <button
        aria-current="page"
        class="mantine-focus-auto mantine-active active m_77c9d27d mantine-Button-root m_87cf2631 mantine-UnstyledButton-root"
        data-status="active"
        href="/"
        style="--button-color: var(--mantine-color-white);"
        type="button"
      >
        <span
          class="m_80f1301b mantine-Button-inner"
        >
          <span
            class="m_811560b9 mantine-Button-label"
          >
            Back to List
          </span>
        </span>
      </button>
    </div>
    <style
      data-mantine-styles="inline"
    >
      .__m__-«r5»{--grid-gutter:var(--mantine-spacing-md);}
    </style>
    <div
      class="m_410352e9 mantine-Grid-root __m__-«r5»"
    >
      <div
        class="m_dee7bd2f mantine-Grid-inner"
      >
        <style
          data-mantine-styles="inline"
        >
          .__m__-«r7»{--col-flex-grow:auto;--col-flex-basis:100%;--col-max-width:100%;}@media(min-width: 62em){.__m__-«r7»{--col-flex-grow:auto;--col-flex-basis:50%;--col-max-width:50%;}}
        </style>
        <div
          class="m_96bdd299 mantine-Grid-col __m__-«r7»"
        >
          <div
            class="m_e615b15f mantine-Card-root m_1b7284a3 mantine-Paper-root"
            data-with-border="true"
            style="--paper-radius: var(--mantine-radius-md); --paper-shadow: var(--mantine-shadow-sm); --card-padding: var(--mantine-spacing-lg);"
          >
            <div
              class="m_6d731127 mantine-Stack-root"
              style="--stack-gap: var(--mantine-spacing-sm); --stack-align: stretch; --stack-justify: flex-start;"
            >
              <div
                class="m_4081bf90 mantine-Group-root"
                style="--group-gap: var(--mantine-spacing-md); --group-align: center; --group-justify: flex-start; --group-wrap: wrap;"
              >
                <p
                  class="mantine-focus-auto m_b6d8b162 mantine-Text-root"
                  style="color: var(--mantine-color-dimmed); font-weight: 600; width: calc(9.375rem * var(--mantine-scale));"
                >
                  Full Name:
                </p>
                <p
                  class="mantine-focus-auto m_b6d8b162 mantine-Text-root"
                >
                  Donald Trump Jr
                </p>
              </div>
              <div
                class="m_4081bf90 mantine-Group-root"
                style="--group-gap: var(--mantine-spacing-md); --group-align: center; --group-justify: flex-start; --group-wrap: wrap;"
              >
                <p
                  class="mantine-focus-auto m_b6d8b162 mantine-Text-root"
                  style="color: var(--mantine-color-dimmed); font-weight: 600; width: calc(9.375rem * var(--mantine-scale));"
                >
                  Gender Name:
                </p>
                <p
                  class="mantine-focus-auto m_b6d8b162 mantine-Text-root"
                >
                  M
                </p>
              </div>
              <div
                class="m_4081bf90 mantine-Group-root"
                style="--group-gap: var(--mantine-spacing-md); --group-align: center; --group-justify: flex-start; --group-wrap: wrap;"
              >
                <p
                  class="mantine-focus-auto m_b6d8b162 mantine-Text-root"
                  style="color: var(--mantine-color-dimmed); font-weight: 600; width: calc(9.375rem * var(--mantine-scale));"
                >
                  Date of Birth:
                </p>
                <p
                  class="mantine-focus-auto m_b6d8b162 mantine-Text-root"
                >
                  1&#x2F;1&#x2F;1991
                </p>
              </div>
              <div
                class="m_4081bf90 mantine-Group-root"
                style="--group-gap: var(--mantine-spacing-md); --group-align: center; --group-justify: flex-start; --group-wrap: wrap;"
              >
                <p
                  class="mantine-focus-auto m_b6d8b162 mantine-Text-root"
                  style="color: var(--mantine-color-dimmed); font-weight: 600; width: calc(9.375rem * var(--mantine-scale));"
                >
                  Age:
                </p>
                <p
                  class="mantine-focus-auto m_b6d8b162 mantine-Text-root"
                >
                  34 years
                </p>
              </div>
              <div
                class="m_4081bf90 mantine-Group-root"
                style="--group-gap: var(--mantine-spacing-md); --group-align: center; --group-justify: flex-start; --group-wrap: wrap;"
              >
                <p
                  class="mantine-focus-auto m_b6d8b162 mantine-Text-root"
                  style="color: var(--mantine-color-dimmed); font-weight: 600; width: calc(9.375rem * var(--mantine-scale));"
                >
                  Date of Death:
                </p>
                <p
                  class="mantine-focus-auto m_b6d8b162 mantine-Text-root"
                >
                  Not deceased
                </p>
              </div>
            </div>
          </div>
          <button
            aria-current="page"
            class="mantine-focus-auto mantine-active active m_77c9d27d mantine-Button-root m_87cf2631 mantine-UnstyledButton-root"
            data-status="active"
            data-variant="light"
            href="/"
            style="--button-bg: var(--mantine-color-blue-light); --button-hover: var(--mantine-color-blue-light-hover); --button-color: var(--mantine-color-blue-light-color); --button-bd: calc(0.0625rem * var(--mantine-scale)) solid transparent; margin-top: var(--mantine-spacing-md);"
            type="button"
          >
            <span
              class="m_80f1301b mantine-Button-inner"
            >
              <span
                class="m_811560b9 mantine-Button-label"
              >
                Go to person page
              </span>
            </span>
          </button>
        </div>
      </div>
    </div>
  </div>
</DocumentFragment>
`;
