// Vitest Snapshot v1, https://vitest.dev/guide/snapshot.html

exports[`persons index page renders correctly 1`] = `
{
  "asFragment": [Function],
  "baseElement": <body>
    <div>
      <div
        class="chakra-stack css-24ivmg"
      >
        <div
          class="css-k008qs"
        >
          <p
            class="chakra-text css-1n9r2z"
          >
            List of persons
          </p>
          <div
            class="css-17xejub"
          />
          <div
            class="css-0"
          >
            <a
              class="chakra-button css-4xx2wk"
              href="/new"
            >
              New
            </a>
          </div>
        </div>
        <div
          class="dt-container dt-empty-footer"
          id="DataTables_Table_0_wrapper"
        >
          <div
            class="dt-layout-row"
          >
            <div
              class="dt-layout-cell dt-start "
            />
            <div
              class="dt-layout-cell dt-end "
            />
          </div>
          <div
            class="dt-layout-row dt-layout-table"
          >
            <div
              class="dt-layout-cell "
            >
              <table
                aria-describedby="DataTables_Table_0_info"
                class="dataTable"
                id="DataTables_Table_0"
                style="width: 0px;"
              >
                <colgroup>
                  <col
                    data-dt-column="0"
                    style="width: 0px;"
                  />
                  <col
                    data-dt-column="1"
                    style="width: 0px;"
                  />
                  <col
                    data-dt-column="2"
                    style="width: 0px;"
                  />
                  <col
                    data-dt-column="3"
                    style="width: 0px;"
                  />
                  <col
                    data-dt-column="4"
                    style="width: 0px;"
                  />
                  <col
                    data-dt-column="8"
                    style="width: 0px;"
                  />
                  <col
                    data-dt-column="9"
                    style="width: 0px;"
                  />
                  <col
                    data-dt-column="12"
                    style="width: 0px;"
                  />
                  <col
                    data-dt-column="13"
                    style="width: 0px;"
                  />
                </colgroup>
                <thead>
                  <tr
                    role="row"
                  >
                    <th
                      aria-label="ID: Activate to invert sorting"
                      aria-sort="ascending"
                      class="dt-orderable-asc dt-orderable-desc dt-type-numeric dt-ordering-asc"
                      colspan="1"
                      data-dt-column="0"
                      rowspan="1"
                      tabindex="0"
                    >
                      <span
                        class="dt-column-title"
                        role="button"
                      >
                        ID
                      </span>
                      <span
                        class="dt-column-order"
                      />
                    </th>
                    <th
                      aria-label="Name usage: Activate to sort"
                      class="dt-orderable-asc dt-orderable-desc"
                      colspan="1"
                      data-dt-column="1"
                      rowspan="1"
                      tabindex="0"
                    >
                      <span
                        class="dt-column-title"
                        role="button"
                      >
                        Name usage
                      </span>
                      <span
                        class="dt-column-order"
                      />
                    </th>
                    <th
                      aria-label="Family name: Activate to sort"
                      class="dt-orderable-asc dt-orderable-desc"
                      colspan="1"
                      data-dt-column="2"
                      rowspan="1"
                      tabindex="0"
                    >
                      <span
                        class="dt-column-title"
                        role="button"
                      >
                        Family name
                      </span>
                      <span
                        class="dt-column-order"
                      />
                    </th>
                    <th
                      aria-label="Given name: Activate to sort"
                      class="dt-orderable-asc dt-orderable-desc"
                      colspan="1"
                      data-dt-column="3"
                      rowspan="1"
                      tabindex="0"
                    >
                      <span
                        class="dt-column-title"
                        role="button"
                      >
                        Given name
                      </span>
                      <span
                        class="dt-column-order"
                      />
                    </th>
                    <th
                      aria-label="Middle name: Activate to sort"
                      class="dt-orderable-asc dt-orderable-desc dt-type-numeric"
                      colspan="1"
                      data-dt-column="4"
                      rowspan="1"
                      tabindex="0"
                    >
                      <span
                        class="dt-column-title"
                        role="button"
                      >
                        Middle name
                      </span>
                      <span
                        class="dt-column-order"
                      />
                    </th>
                    <th
                      aria-label="Sex: Activate to sort"
                      class="dt-orderable-asc dt-orderable-desc"
                      colspan="1"
                      data-dt-column="8"
                      rowspan="1"
                      tabindex="0"
                    >
                      <span
                        class="dt-column-title"
                        role="button"
                      >
                        Sex
                      </span>
                      <span
                        class="dt-column-order"
                      />
                    </th>
                    <th
                      aria-label="Birth date: Activate to sort"
                      class="dt-orderable-asc dt-orderable-desc dt-right"
                      colspan="1"
                      data-dt-column="9"
                      rowspan="1"
                      tabindex="0"
                    >
                      <span
                        class="dt-column-title"
                        role="button"
                      >
                        Birth date
                      </span>
                      <span
                        class="dt-column-order"
                      />
                    </th>
                    <th
                      aria-label="Dead: Activate to sort"
                      class="dt-orderable-asc dt-orderable-desc dt-type-numeric"
                      colspan="1"
                      data-dt-column="12"
                      rowspan="1"
                      tabindex="0"
                    >
                      <span
                        class="dt-column-title"
                        role="button"
                      >
                        Dead
                      </span>
                      <span
                        class="dt-column-order"
                      />
                    </th>
                    <th
                      aria-label=""
                      class="dt-orderable-none dt-type-numeric"
                      colspan="1"
                      data-dt-column="13"
                      rowspan="1"
                    >
                      <span
                        class="dt-column-title"
                      />
                      <span
                        class="dt-column-order"
                      />
                    </th>
                  </tr>
                </thead>
                <tbody>
                  <tr>
                    <td
                      class="dt-type-numeric sorting_1"
                    >
                      1
                    </td>
                    <td>
                      string
                    </td>
                    <td>
                      John
                    </td>
                    <td>
                      Doe
                    </td>
                    <td
                      class="dt-type-numeric"
                    />
                    <td>
                      M
                    </td>
                    <td
                      class="dt-right"
                    >
                      21.05.2024
                    </td>
                    <td
                      class="dt-type-numeric"
                    >
                      true
                    </td>
                    <td
                      class="dt-type-numeric"
                    >
                      <div>
                        <a
                          href="/persons/1"
                        >
                          <i
                            class="fa-solid fa-right-to-bracket"
                          />
                        </a>
                      </div>
                    </td>
                  </tr>
                </tbody>
                <tfoot />
              </table>
            </div>
          </div>
          <div
            class="dt-layout-row"
          >
            <div
              class="dt-layout-cell dt-start "
            >
              <div
                aria-live="polite"
                class="dt-info"
                id="DataTables_Table_0_info"
                role="status"
              >
                Showing 1 to 1 of 1 entry
              </div>
            </div>
            <div
              class="dt-layout-cell dt-end "
            >
              <div
                class="dt-paging paging_full_numbers"
              >
                <button
                  aria-controls="DataTables_Table_0"
                  aria-disabled="true"
                  aria-label="First"
                  class="dt-paging-button disabled first"
                  data-dt-idx="first"
                  role="link"
                  tabindex="-1"
                  type="button"
                >
                  «
                </button>
                <button
                  aria-controls="DataTables_Table_0"
                  aria-disabled="true"
                  aria-label="Previous"
                  class="dt-paging-button disabled previous"
                  data-dt-idx="previous"
                  role="link"
                  tabindex="-1"
                  type="button"
                >
                  ‹
                </button>
                <button
                  aria-controls="DataTables_Table_0"
                  aria-current="page"
                  class="dt-paging-button current"
                  data-dt-idx="0"
                  role="link"
                  tabindex="0"
                  type="button"
                >
                  1
                </button>
                <button
                  aria-controls="DataTables_Table_0"
                  aria-disabled="true"
                  aria-label="Next"
                  class="dt-paging-button disabled next"
                  data-dt-idx="next"
                  role="link"
                  tabindex="-1"
                  type="button"
                >
                  ›
                </button>
                <button
                  aria-controls="DataTables_Table_0"
                  aria-disabled="true"
                  aria-label="Last"
                  class="dt-paging-button disabled last"
                  data-dt-idx="last"
                  role="link"
                  tabindex="-1"
                  type="button"
                >
                  »
                </button>
              </div>
            </div>
          </div>
        </div>
      </div>
    </div>
  </body>,
  "container": <div>
    <div
      class="chakra-stack css-24ivmg"
    >
      <div
        class="css-k008qs"
      >
        <p
          class="chakra-text css-1n9r2z"
        >
          List of persons
        </p>
        <div
          class="css-17xejub"
        />
        <div
          class="css-0"
        >
          <a
            class="chakra-button css-4xx2wk"
            href="/new"
          >
            New
          </a>
        </div>
      </div>
      <div
        class="dt-container dt-empty-footer"
        id="DataTables_Table_0_wrapper"
      >
        <div
          class="dt-layout-row"
        >
          <div
            class="dt-layout-cell dt-start "
          />
          <div
            class="dt-layout-cell dt-end "
          />
        </div>
        <div
          class="dt-layout-row dt-layout-table"
        >
          <div
            class="dt-layout-cell "
          >
            <table
              aria-describedby="DataTables_Table_0_info"
              class="dataTable"
              id="DataTables_Table_0"
              style="width: 0px;"
            >
              <colgroup>
                <col
                  data-dt-column="0"
                  style="width: 0px;"
                />
                <col
                  data-dt-column="1"
                  style="width: 0px;"
                />
                <col
                  data-dt-column="2"
                  style="width: 0px;"
                />
                <col
                  data-dt-column="3"
                  style="width: 0px;"
                />
                <col
                  data-dt-column="4"
                  style="width: 0px;"
                />
                <col
                  data-dt-column="8"
                  style="width: 0px;"
                />
                <col
                  data-dt-column="9"
                  style="width: 0px;"
                />
                <col
                  data-dt-column="12"
                  style="width: 0px;"
                />
                <col
                  data-dt-column="13"
                  style="width: 0px;"
                />
              </colgroup>
              <thead>
                <tr
                  role="row"
                >
                  <th
                    aria-label="ID: Activate to invert sorting"
                    aria-sort="ascending"
                    class="dt-orderable-asc dt-orderable-desc dt-type-numeric dt-ordering-asc"
                    colspan="1"
                    data-dt-column="0"
                    rowspan="1"
                    tabindex="0"
                  >
                    <span
                      class="dt-column-title"
                      role="button"
                    >
                      ID
                    </span>
                    <span
                      class="dt-column-order"
                    />
                  </th>
                  <th
                    aria-label="Name usage: Activate to sort"
                    class="dt-orderable-asc dt-orderable-desc"
                    colspan="1"
                    data-dt-column="1"
                    rowspan="1"
                    tabindex="0"
                  >
                    <span
                      class="dt-column-title"
                      role="button"
                    >
                      Name usage
                    </span>
                    <span
                      class="dt-column-order"
                    />
                  </th>
                  <th
                    aria-label="Family name: Activate to sort"
                    class="dt-orderable-asc dt-orderable-desc"
                    colspan="1"
                    data-dt-column="2"
                    rowspan="1"
                    tabindex="0"
                  >
                    <span
                      class="dt-column-title"
                      role="button"
                    >
                      Family name
                    </span>
                    <span
                      class="dt-column-order"
                    />
                  </th>
                  <th
                    aria-label="Given name: Activate to sort"
                    class="dt-orderable-asc dt-orderable-desc"
                    colspan="1"
                    data-dt-column="3"
                    rowspan="1"
                    tabindex="0"
                  >
                    <span
                      class="dt-column-title"
                      role="button"
                    >
                      Given name
                    </span>
                    <span
                      class="dt-column-order"
                    />
                  </th>
                  <th
                    aria-label="Middle name: Activate to sort"
                    class="dt-orderable-asc dt-orderable-desc dt-type-numeric"
                    colspan="1"
                    data-dt-column="4"
                    rowspan="1"
                    tabindex="0"
                  >
                    <span
                      class="dt-column-title"
                      role="button"
                    >
                      Middle name
                    </span>
                    <span
                      class="dt-column-order"
                    />
                  </th>
                  <th
                    aria-label="Sex: Activate to sort"
                    class="dt-orderable-asc dt-orderable-desc"
                    colspan="1"
                    data-dt-column="8"
                    rowspan="1"
                    tabindex="0"
                  >
                    <span
                      class="dt-column-title"
                      role="button"
                    >
                      Sex
                    </span>
                    <span
                      class="dt-column-order"
                    />
                  </th>
                  <th
                    aria-label="Birth date: Activate to sort"
                    class="dt-orderable-asc dt-orderable-desc dt-right"
                    colspan="1"
                    data-dt-column="9"
                    rowspan="1"
                    tabindex="0"
                  >
                    <span
                      class="dt-column-title"
                      role="button"
                    >
                      Birth date
                    </span>
                    <span
                      class="dt-column-order"
                    />
                  </th>
                  <th
                    aria-label="Dead: Activate to sort"
                    class="dt-orderable-asc dt-orderable-desc dt-type-numeric"
                    colspan="1"
                    data-dt-column="12"
                    rowspan="1"
                    tabindex="0"
                  >
                    <span
                      class="dt-column-title"
                      role="button"
                    >
                      Dead
                    </span>
                    <span
                      class="dt-column-order"
                    />
                  </th>
                  <th
                    aria-label=""
                    class="dt-orderable-none dt-type-numeric"
                    colspan="1"
                    data-dt-column="13"
                    rowspan="1"
                  >
                    <span
                      class="dt-column-title"
                    />
                    <span
                      class="dt-column-order"
                    />
                  </th>
                </tr>
              </thead>
              <tbody>
                <tr>
                  <td
                    class="dt-type-numeric sorting_1"
                  >
                    1
                  </td>
                  <td>
                    string
                  </td>
                  <td>
                    John
                  </td>
                  <td>
                    Doe
                  </td>
                  <td
                    class="dt-type-numeric"
                  />
                  <td>
                    M
                  </td>
                  <td
                    class="dt-right"
                  >
                    21.05.2024
                  </td>
                  <td
                    class="dt-type-numeric"
                  >
                    true
                  </td>
                  <td
                    class="dt-type-numeric"
                  >
                    <div>
                      <a
                        href="/persons/1"
                      >
                        <i
                          class="fa-solid fa-right-to-bracket"
                        />
                      </a>
                    </div>
                  </td>
                </tr>
              </tbody>
              <tfoot />
            </table>
          </div>
        </div>
        <div
          class="dt-layout-row"
        >
          <div
            class="dt-layout-cell dt-start "
          >
            <div
              aria-live="polite"
              class="dt-info"
              id="DataTables_Table_0_info"
              role="status"
            >
              Showing 1 to 1 of 1 entry
            </div>
          </div>
          <div
            class="dt-layout-cell dt-end "
          >
            <div
              class="dt-paging paging_full_numbers"
            >
              <button
                aria-controls="DataTables_Table_0"
                aria-disabled="true"
                aria-label="First"
                class="dt-paging-button disabled first"
                data-dt-idx="first"
                role="link"
                tabindex="-1"
                type="button"
              >
                «
              </button>
              <button
                aria-controls="DataTables_Table_0"
                aria-disabled="true"
                aria-label="Previous"
                class="dt-paging-button disabled previous"
                data-dt-idx="previous"
                role="link"
                tabindex="-1"
                type="button"
              >
                ‹
              </button>
              <button
                aria-controls="DataTables_Table_0"
                aria-current="page"
                class="dt-paging-button current"
                data-dt-idx="0"
                role="link"
                tabindex="0"
                type="button"
              >
                1
              </button>
              <button
                aria-controls="DataTables_Table_0"
                aria-disabled="true"
                aria-label="Next"
                class="dt-paging-button disabled next"
                data-dt-idx="next"
                role="link"
                tabindex="-1"
                type="button"
              >
                ›
              </button>
              <button
                aria-controls="DataTables_Table_0"
                aria-disabled="true"
                aria-label="Last"
                class="dt-paging-button disabled last"
                data-dt-idx="last"
                role="link"
                tabindex="-1"
                type="button"
              >
                »
              </button>
            </div>
          </div>
        </div>
      </div>
    </div>
  </div>,
  "debug": [Function],
  "findAllByAltText": [Function],
  "findAllByDisplayValue": [Function],
  "findAllByLabelText": [Function],
  "findAllByPlaceholderText": [Function],
  "findAllByRole": [Function],
  "findAllByTestId": [Function],
  "findAllByText": [Function],
  "findAllByTitle": [Function],
  "findByAltText": [Function],
  "findByDisplayValue": [Function],
  "findByLabelText": [Function],
  "findByPlaceholderText": [Function],
  "findByRole": [Function],
  "findByTestId": [Function],
  "findByText": [Function],
  "findByTitle": [Function],
  "getAllByAltText": [Function],
  "getAllByDisplayValue": [Function],
  "getAllByLabelText": [Function],
  "getAllByPlaceholderText": [Function],
  "getAllByRole": [Function],
  "getAllByTestId": [Function],
  "getAllByText": [Function],
  "getAllByTitle": [Function],
  "getByAltText": [Function],
  "getByDisplayValue": [Function],
  "getByLabelText": [Function],
  "getByPlaceholderText": [Function],
  "getByRole": [Function],
  "getByTestId": [Function],
  "getByText": [Function],
  "getByTitle": [Function],
  "queryAllByAltText": [Function],
  "queryAllByDisplayValue": [Function],
  "queryAllByLabelText": [Function],
  "queryAllByPlaceholderText": [Function],
  "queryAllByRole": [Function],
  "queryAllByTestId": [Function],
  "queryAllByText": [Function],
  "queryAllByTitle": [Function],
  "queryByAltText": [Function],
  "queryByDisplayValue": [Function],
  "queryByLabelText": [Function],
  "queryByPlaceholderText": [Function],
  "queryByRole": [Function],
  "queryByTestId": [Function],
  "queryByText": [Function],
  "queryByTitle": [Function],
  "rerender": [Function],
  "unmount": [Function],
}
`;
