// Vitest Snapshot v1, https://vitest.dev/guide/snapshot.html

exports[`person edit page renders correctly 1`] = `
{
  "asFragment": [Function],
  "baseElement": <body>
    <div>
      <nav
        class="navbar navbar-expand-lg bg-body-tertiary"
      >
        <div
          class="container-xxl"
        >
          <a
            class="navbar-brand"
            href="/"
          >
            umdb
          </a>
          <button
            class="navbar-toggler"
            data-bs-target="#nav-content"
            data-bs-toggle="collapse"
            type="button"
          >
            <span
              class="navbar-toggler-icon"
            />
          </button>
          <div
            class="collapse navbar-collapse"
            id="nav-content"
          >
            <ul
              class="navbar-nav me-auto mb-2 mb-lg-0"
            >
              <li
                class="nav-item"
              >
                <a
                  aria-current="page"
                  class="nav-link ({ isActive }) => isActive ? "active" : "" active"
                  href="/persons"
                >
                  Persons
                </a>
              </li>
            </ul>
            <form
              class="d-flex"
              role="search"
            >
              <input
                class="form-control me-2"
                placeholder="Search"
                type="search"
              />
            </form>
          </div>
        </div>
      </nav>
      <div
        class="mt-2 mb-1"
      >
        <div
          class="container-xxl"
        >
          <div
            class="fs-7"
          >
            <nav
              style="--bs-breadcrumb-divider: '>';"
            >
              <ol
                class="breadcrumb my-auto"
              >
                <li
                  class="breadcrumb-item  undefined"
                >
                  <a
                    href="/persons/"
                  >
                    Persons
                  </a>
                </li>
                <li
                  class="breadcrumb-item  undefined"
                >
                  <a
                    href="/persons/1"
                  >
                    Doe John
                  </a>
                </li>
                <li
                  class="breadcrumb-item active undefined"
                >
                  Edit
                </li>
              </ol>
            </nav>
          </div>
        </div>
      </div>
      <div
        class="container-xxl"
      >
        <div>
          <div
            class="d-flex undefined"
          >
            <div
              class="flex-grow-1"
            >
              <div
                class="lead"
              >
                <span
                  class="fs-4 me-2"
                >
                  Doe John
                </span>
                <span
                  class="fs-6"
                >
                  2024-05-21
                </span>
              </div>
            </div>
          </div>
          <div
            class="row my-3"
          >
            <div
              class="col-12"
            >
              <div
                class="card undefined"
              >
                <div
                  class="card-header bg-body"
                >
                  <div
                    class="lead fs-5"
                  >
                    Edit information
                  </div>
                </div>
                <div
                  class="card-body undefined"
                >
                  <form>
                    <div
                      class="row mb-3"
                    >
                      <label
                        class="form-label undefined"
                        for="sex"
                      >
                        Sex
                      </label>
                      <div
                        class="col-auto"
                      >
                        <select
                          class="form-select undefined"
                          id="sex"
                          name="sex"
                        >
                          <option
                            value=""
                          />
                          <option
                            value="M"
                          >
                            Male
                          </option>
                          <option
                            value="F"
                          >
                            Female
                          </option>
                          <option
                            value="U"
                          >
                            Unknown
                          </option>
                        </select>
                      </div>
                    </div>
                    <div
                      class="row mb-3"
                    >
                      <label
                        class="form-label undefined"
                        for="birth_date"
                      >
                        Birth date
                      </label>
                      <div
                        class="col-auto"
                      >
                        <input
                          class="form-control undefined"
                          id="birth_date"
                          name="birth_date"
                          type="text"
                        />
                      </div>
                    </div>
                    <div
                      class="row mb-3"
                    >
                      <label
                        class="form-label undefined"
                        for="death_indicator"
                      >
                        Death
                      </label>
                      <div
                        class="col-auto"
                      >
                        <select
                          class="form-select undefined"
                          id="death_indicator"
                          name="death_indicator"
                        >
                          <option
                            value=""
                          />
                          <option
                            value="false"
                          >
                            Alive
                          </option>
                          <option
                            value="true"
                          >
                            Dead
                          </option>
                        </select>
                      </div>
                    </div>
                    <div
                      class="row mb-3"
                    >
                      <label
                        class="form-label undefined"
                        for="death_date"
                      >
                        Death date
                      </label>
                      <div
                        class="col-auto"
                      >
                        <input
                          class="form-control undefined"
                          id="death_date"
                          name="death_date"
                          type="text"
                        />
                      </div>
                    </div>
                    <div
                      class="row mb-3"
                    >
                      <div>
                        <div
                          class="form-check"
                        >
                          <input
                            class="form-check-input undefined"
                            id="death_date_estimated_indicator"
                            name="death_date_estimated_indicator"
                            type="checkbox"
                          />
                          <label
                            class="form-check-label"
                            for="death_date_estimated_indicator"
                          >
                            Estimated, not exact
                          </label>
                        </div>
                      </div>
                    </div>
                    <div
                      class="row undefined"
                    >
                      <div>
                        <button
                          class="btn btn-primary"
                          type="submit"
                        >
                          Save
                        </button>
                      </div>
                    </div>
                  </form>
                </div>
              </div>
            </div>
          </div>
        </div>
      </div>
    </div>
  </body>,
  "container": <div>
    <nav
      class="navbar navbar-expand-lg bg-body-tertiary"
    >
      <div
        class="container-xxl"
      >
        <a
          class="navbar-brand"
          href="/"
        >
          umdb
        </a>
        <button
          class="navbar-toggler"
          data-bs-target="#nav-content"
          data-bs-toggle="collapse"
          type="button"
        >
          <span
            class="navbar-toggler-icon"
          />
        </button>
        <div
          class="collapse navbar-collapse"
          id="nav-content"
        >
          <ul
            class="navbar-nav me-auto mb-2 mb-lg-0"
          >
            <li
              class="nav-item"
            >
              <a
                aria-current="page"
                class="nav-link ({ isActive }) => isActive ? "active" : "" active"
                href="/persons"
              >
                Persons
              </a>
            </li>
          </ul>
          <form
            class="d-flex"
            role="search"
          >
            <input
              class="form-control me-2"
              placeholder="Search"
              type="search"
            />
          </form>
        </div>
      </div>
    </nav>
    <div
      class="mt-2 mb-1"
    >
      <div
        class="container-xxl"
      >
        <div
          class="fs-7"
        >
          <nav
            style="--bs-breadcrumb-divider: '>';"
          >
            <ol
              class="breadcrumb my-auto"
            >
              <li
                class="breadcrumb-item  undefined"
              >
                <a
                  href="/persons/"
                >
                  Persons
                </a>
              </li>
              <li
                class="breadcrumb-item  undefined"
              >
                <a
                  href="/persons/1"
                >
                  Doe John
                </a>
              </li>
              <li
                class="breadcrumb-item active undefined"
              >
                Edit
              </li>
            </ol>
          </nav>
        </div>
      </div>
    </div>
    <div
      class="container-xxl"
    >
      <div>
        <div
          class="d-flex undefined"
        >
          <div
            class="flex-grow-1"
          >
            <div
              class="lead"
            >
              <span
                class="fs-4 me-2"
              >
                Doe John
              </span>
              <span
                class="fs-6"
              >
                2024-05-21
              </span>
            </div>
          </div>
        </div>
        <div
          class="row my-3"
        >
          <div
            class="col-12"
          >
            <div
              class="card undefined"
            >
              <div
                class="card-header bg-body"
              >
                <div
                  class="lead fs-5"
                >
                  Edit information
                </div>
              </div>
              <div
                class="card-body undefined"
              >
                <form>
                  <div
                    class="row mb-3"
                  >
                    <label
                      class="form-label undefined"
                      for="sex"
                    >
                      Sex
                    </label>
                    <div
                      class="col-auto"
                    >
                      <select
                        class="form-select undefined"
                        id="sex"
                        name="sex"
                      >
                        <option
                          value=""
                        />
                        <option
                          value="M"
                        >
                          Male
                        </option>
                        <option
                          value="F"
                        >
                          Female
                        </option>
                        <option
                          value="U"
                        >
                          Unknown
                        </option>
                      </select>
                    </div>
                  </div>
                  <div
                    class="row mb-3"
                  >
                    <label
                      class="form-label undefined"
                      for="birth_date"
                    >
                      Birth date
                    </label>
                    <div
                      class="col-auto"
                    >
                      <input
                        class="form-control undefined"
                        id="birth_date"
                        name="birth_date"
                        type="text"
                      />
                    </div>
                  </div>
                  <div
                    class="row mb-3"
                  >
                    <label
                      class="form-label undefined"
                      for="death_indicator"
                    >
                      Death
                    </label>
                    <div
                      class="col-auto"
                    >
                      <select
                        class="form-select undefined"
                        id="death_indicator"
                        name="death_indicator"
                      >
                        <option
                          value=""
                        />
                        <option
                          value="false"
                        >
                          Alive
                        </option>
                        <option
                          value="true"
                        >
                          Dead
                        </option>
                      </select>
                    </div>
                  </div>
                  <div
                    class="row mb-3"
                  >
                    <label
                      class="form-label undefined"
                      for="death_date"
                    >
                      Death date
                    </label>
                    <div
                      class="col-auto"
                    >
                      <input
                        class="form-control undefined"
                        id="death_date"
                        name="death_date"
                        type="text"
                      />
                    </div>
                  </div>
                  <div
                    class="row mb-3"
                  >
                    <div>
                      <div
                        class="form-check"
                      >
                        <input
                          class="form-check-input undefined"
                          id="death_date_estimated_indicator"
                          name="death_date_estimated_indicator"
                          type="checkbox"
                        />
                        <label
                          class="form-check-label"
                          for="death_date_estimated_indicator"
                        >
                          Estimated, not exact
                        </label>
                      </div>
                    </div>
                  </div>
                  <div
                    class="row undefined"
                  >
                    <div>
                      <button
                        class="btn btn-primary"
                        type="submit"
                      >
                        Save
                      </button>
                    </div>
                  </div>
                </form>
              </div>
            </div>
          </div>
        </div>
      </div>
    </div>
  </div>,
  "debug": [Function],
  "findAllByAltText": [Function],
  "findAllByDisplayValue": [Function],
  "findAllByLabelText": [Function],
  "findAllByPlaceholderText": [Function],
  "findAllByRole": [Function],
  "findAllByTestId": [Function],
  "findAllByText": [Function],
  "findAllByTitle": [Function],
  "findByAltText": [Function],
  "findByDisplayValue": [Function],
  "findByLabelText": [Function],
  "findByPlaceholderText": [Function],
  "findByRole": [Function],
  "findByTestId": [Function],
  "findByText": [Function],
  "findByTitle": [Function],
  "getAllByAltText": [Function],
  "getAllByDisplayValue": [Function],
  "getAllByLabelText": [Function],
  "getAllByPlaceholderText": [Function],
  "getAllByRole": [Function],
  "getAllByTestId": [Function],
  "getAllByText": [Function],
  "getAllByTitle": [Function],
  "getByAltText": [Function],
  "getByDisplayValue": [Function],
  "getByLabelText": [Function],
  "getByPlaceholderText": [Function],
  "getByRole": [Function],
  "getByTestId": [Function],
  "getByText": [Function],
  "getByTitle": [Function],
  "queryAllByAltText": [Function],
  "queryAllByDisplayValue": [Function],
  "queryAllByLabelText": [Function],
  "queryAllByPlaceholderText": [Function],
  "queryAllByRole": [Function],
  "queryAllByTestId": [Function],
  "queryAllByText": [Function],
  "queryAllByTitle": [Function],
  "queryByAltText": [Function],
  "queryByDisplayValue": [Function],
  "queryByLabelText": [Function],
  "queryByPlaceholderText": [Function],
  "queryByRole": [Function],
  "queryByTestId": [Function],
  "queryByText": [Function],
  "queryByTitle": [Function],
  "rerender": [Function],
  "unmount": [Function],
}
`;
